{
    "editor.tabSize": 4,
    "editor.formatOnSave": true,
    "files.exclude": {
        "**/.git": true,
        "**/target": true
    },
    "java.jdt.ls.java.home": "JAVA_HOME_PLACEHOLDER",
    "java.eclipse.downloadSources": true,
    "java.configuration.updateBuildConfiguration": "automatic",
    "java.format.onType.enabled": false,
    "java.configuration.runtimes": [
        {
            "name": "JavaSE-21",
            "path": "JAVA_HOME_PLACEHOLDER",
            "default": true
        }
    ]
}
